asdlkfjalsdkfjasdfasdfsdafadsfasdfadsf
